// Jest Snapshot v1, https://goo.gl/fbAQLP

exports[`Price component should render correctly 1`] = `null`;

exports[`Price component should render correctly if price is 100$ 1`] = `
<p
  className="price-number"
>
  <span
    className="currency"
  >
    $ 
  </span>
  99,
  <span
    className="coins"
  >
    99 
  </span>
</p>
`;

exports[`Price component should render correctly if price is 100$ and priceMonth = true 1`] = `
<p
  className="price-number"
>
  <span
    className="currency"
  >
    $ 
  </span>
  9,
  <span
    className="coins"
  >
    99 
  </span>
</p>
`;

exports[`Price component should render correctly if update price with 100$ and priceMonth = true 1`] = `null`;

exports[`Price component should render correctly if update price with 100$ and priceMonth = true 2`] = `
<p
  className="price-number"
>
  <span
    className="currency"
  >
    $ 
  </span>
  99,
  <span
    className="coins"
  >
    99 
  </span>
</p>
`;

exports[`Price component should render correctly if update price with 100$ and priceMonth = true 3`] = `
<p
  className="price-number"
>
  <span
    className="currency"
  >
    $ 
  </span>
  9,
  <span
    className="coins"
  >
    99 
  </span>
</p>
`;
